G__24693$jscomp$inline_1994:MA
JSCompiler_StaticMethods_assoc_BANG_:Nh
JSCompiler_StaticMethods_cljs$core$IMultiFn$_add_method$arity$3:Yi
JSCompiler_StaticMethods_cljs$core$IMultiFn$_get_method$arity$2:Xi
JSCompiler_StaticMethods_cljs$core$ITransientVector$_assoc_n_BANG_$arity$3:Pg
JSCompiler_StaticMethods_containsKey:Sa
JSCompiler_StaticMethods_enforceReadOnly:Da
JSCompiler_StaticMethods_ensureKeyMapInitialized_:Qa
JSCompiler_StaticMethods_forceChunk:ei
JSCompiler_StaticMethods_getKeyName_:Ra
JSCompiler_StaticMethods_markAsRemoved:Wz
JSCompiler_StaticMethods_setPort:Ea
JSCompiler_StaticMethods_setQueryData:Fa
JSCompiler_StaticMethods_setScheme:Ca
JSCompiler_StaticMethods_sval:Pe
JSCompiler_prototypeAlias:g
L 0:a
L 1:b
L 10:n
L 11:q
L 12:w
L 13:y
L 14:A
L 15:F
L 16:I
L 17:N
L 18:W
L 19:X
L 2:c
L 20:ia
L 21:za
L 22:qb
L 23:fi
L 24:Ge
L 25:kn
L 26:ck
L 27:ln
L 28:mn
L 3:d
L 4:e
L 5:f
L 6:h
L 7:k
L 8:l
L 9:m
all_wilds_QMARK_$jscomp$inline_1990:IA
cached_hierarchy__5602__auto__$jscomp$inline_1805:oB
cached_hierarchy__5602__auto__$jscomp$inline_1825:MB
cached_hierarchy__5602__auto__$jscomp$inline_1837:hC
cljs$core$ArrayChunk:Re
cljs$core$ArrayNode:wh
cljs$core$ArrayNodeIterator:Ah
cljs$core$ArrayNodeSeq:Hh
cljs$core$Atom:Cf
cljs$core$BitmapIndexedNode:sh
cljs$core$BitmapIndexedNode$EMPTY:vh
cljs$core$Box:mh
cljs$core$ChunkBuffer:Qe
cljs$core$ChunkedCons:Te
cljs$core$ChunkedSeq:Ig
cljs$core$Cons:Je
cljs$core$ES6EntriesIterator:Yg
cljs$core$ES6Iterator:fd
cljs$core$ES6IteratorSeq:hd
cljs$core$ES6SetEntriesIterator:Zg
cljs$core$EmptyList:Fe
cljs$core$ExceptionInfo:$i
cljs$core$Fn:nb
cljs$core$HashCollisionNode:Eh
cljs$core$HashMapIter:Jh
cljs$core$HashSetIter:Uh
cljs$core$IAssociative:Hb
cljs$core$ICollection:ub
cljs$core$IComparable:xc
cljs$core$ICounted:pb
cljs$core$IEmptyableCollection:sb
cljs$core$IEncodeJS:Di
cljs$core$IFn:ob
cljs$core$IIndexed:wb
cljs$core$IIndexed$_nth$dyn_21898:yb
cljs$core$IIterable:Ic
cljs$core$IKVReduce:cc
cljs$core$IList:jc
cljs$core$ILookup:Eb
cljs$core$ILookup$_lookup$dyn_21909:Gb
cljs$core$IMap:Lb
cljs$core$IMeta:Wb
cljs$core$INIT:mf
cljs$core$INext:Cb
cljs$core$IPrintWithWriter:oc
cljs$core$IRecord:kc
cljs$core$IReduce:$b
cljs$core$IReduce$_reduce$dyn_22010:bc
cljs$core$IReversible:lc
cljs$core$ISeq:zb
cljs$core$ISeqable:gc
cljs$core$ISequential:ic
cljs$core$ISet:Pb
cljs$core$ISwap$_swap_BANG_$dyn_22091:Gc
cljs$core$ITER_SYMBOL:ib
cljs$core$IVector:Tb
cljs$core$IWithMeta:Yb
cljs$core$IndexedSeq:bd
cljs$core$IndexedSeqIterator:Ad
cljs$core$IntegerRange:ci
cljs$core$IntegerRangeChunk:ai
cljs$core$KeySeq:Oh
cljs$core$Keyword:C
cljs$core$LazySeq:Oe
cljs$core$List:Md
cljs$core$List$EMPTY:ed
cljs$core$MapEntry:xg
cljs$core$MetaFn:Sd
cljs$core$MultiFn:Vi
cljs$core$NeverEquiv:Ug
cljs$core$NodeIterator:rh
cljs$core$NodeSeq:Fh
cljs$core$PROTOCOL_SENTINEL:r
cljs$core$PersistentArrayMap:t
cljs$core$PersistentArrayMap$EMPTY:Q
cljs$core$PersistentArrayMap$HASHMAP_THRESHOLD:fh
cljs$core$PersistentArrayMap$createAsIfByAssoc:Pd
cljs$core$PersistentArrayMap$createAsIfByAssocComplexPath:kh
cljs$core$PersistentArrayMapIterator:bh
cljs$core$PersistentArrayMapSeq:ah
cljs$core$PersistentHashMap:Kh
cljs$core$PersistentHashMap$EMPTY:gh
cljs$core$PersistentHashMap$fromArrays:Mh
cljs$core$PersistentHashSet:Vh
cljs$core$PersistentHashSet$EMPTY:vf
cljs$core$PersistentHashSet$createAsIfByAssoc:Xh
cljs$core$PersistentQueue:Sg
cljs$core$PersistentQueue$EMPTY:Tg
cljs$core$PersistentQueueIter:Qg
cljs$core$PersistentQueueSeq:Rg
cljs$core$PersistentVector:S
cljs$core$PersistentVector$EMPTY:Ld
cljs$core$PersistentVector$EMPTY_NODE:T
cljs$core$PersistentVector$fromArray:Dg
cljs$core$RSeq:Bd
cljs$core$Range:di
cljs$core$RangeIterator:bi
cljs$core$RangedIterator:tg
cljs$core$RecordIter:Xg
cljs$core$Reduced:nd
cljs$core$Repeat:Pf
cljs$core$START:nf
cljs$core$SeqIter:of
cljs$core$StringBufferWriter:Lc
cljs$core$Subvec:Kg
cljs$core$Symbol:z
cljs$core$TransientArrayMap:eh
cljs$core$TransientHashMap:Lh
cljs$core$TransientHashSet:Wh
cljs$core$TransientVector:yg
cljs$core$UUID:Zi
cljs$core$ValSeq:Ph
cljs$core$VectorNode:ig
cljs$core$Volatile:Gf
cljs$core$_EQ_:H
cljs$core$_STAR_print_level_STAR_:Ua
cljs$core$__destructure_map:gf
cljs$core$_add_watch:qc
cljs$core$_as_transient:tc
cljs$core$_assoc:Jb
cljs$core$_assoc_BANG_:wc
cljs$core$_assoc_n:Ub
cljs$core$_chunked_first:Ac
cljs$core$_chunked_rest:Bc
cljs$core$_clj__GT_js:Ei
cljs$core$_compare:yc
cljs$core$_conj:vb
cljs$core$_conj_BANG_:uc
cljs$core$_contains_key_QMARK_:Ib
cljs$core$_count:rb
cljs$core$_deref:Vb
cljs$core$_disjoin:Qb
cljs$core$_dissoc:Mb
cljs$core$_drop:Kc
cljs$core$_drop_first:zc
cljs$core$_empty:tb
cljs$core$_equiv:ec
cljs$core$_find:Kb
cljs$core$_first:Ab
cljs$core$_global_hierarchy:Ji
cljs$core$_hash:fc
cljs$core$_indexOf$cljs$0core$0IFn$0_invoke$0arity$03:J
cljs$core$_iterator:Jc
cljs$core$_key:Nb
cljs$core$_kv_reduce:dc
cljs$core$_lastIndexOf$cljs$0core$0IFn$0_invoke$0arity$03:zd
cljs$core$_lookup:Fb
cljs$core$_meta:Xb
cljs$core$_name:Cc
cljs$core$_namespace:Dc
cljs$core$_next:Db
cljs$core$_nth:xb
cljs$core$_peek:Rb
cljs$core$_persistent_BANG_:vc
cljs$core$_pop:Sb
cljs$core$_pr_writer:pc
cljs$core$_reduce:ac
cljs$core$_remove_watch:sc
cljs$core$_reset_BANG_:Ec
cljs$core$_rest:Bb
cljs$core$_rseq:mc
cljs$core$_seq:hc
cljs$core$_swap_BANG_:Fc
cljs$core$_val:Ob
cljs$core$_vreset_BANG_:Hc
cljs$core$_with_meta:Zb
cljs$core$_write:nc
cljs$core$aclone:jb
cljs$core$any_QMARK_:eb
cljs$core$apply:Td
cljs$core$apply_to:af
cljs$core$apply_to_simple$cljs$0core$0IFn$0_invoke$0arity$03:cf
cljs$core$apply_to_simple$cljs$0core$0IFn$0_invoke$0arity$04:df
cljs$core$apply_to_simple$cljs$0core$0IFn$0_invoke$0arity$05:ef
cljs$core$apply_to_simple$cljs$0core$0IFn$0_invoke$0arity$06:ff
cljs$core$array_QMARK_:bb
cljs$core$array__GT_transient_hash_map:lh
cljs$core$array_copy:ee
cljs$core$array_for:qg
cljs$core$array_index_of:$g
cljs$core$array_reduce$cljs$0core$0IFn$0_invoke$0arity$02:sd
cljs$core$array_reduce$cljs$0core$0IFn$0_invoke$0arity$03:td
cljs$core$array_reduce$cljs$0core$0IFn$0_invoke$0arity$04:ud
cljs$core$assoc:O
cljs$core$assoc_in:dg
cljs$core$atom$cljs$0core$0IFn$0_invoke$0arity$01:Df
cljs$core$bit_count:Be
cljs$core$boolean$0:he
cljs$core$bounded_count:Xe
cljs$core$build_subvec:Lg
cljs$core$butlast:Zh
cljs$core$char_escapes:oi
cljs$core$chunk:We
cljs$core$chunk_append:Ve
cljs$core$chunk_buffer:Se
cljs$core$chunk_cons:Ue
cljs$core$chunked_seq:Cg
cljs$core$chunked_seq$cljs$0core$0IFn$0_invoke$0arity$04:Bg
cljs$core$chunked_seq$cljs$0core$0IFn$0_invoke$0arity$05:Jg
cljs$core$chunked_seq_QMARK_:de
cljs$core$ci_reduce$cljs$0core$0IFn$0_invoke$0arity$02:qd
cljs$core$ci_reduce$cljs$0core$0IFn$0_invoke$0arity$03:rd
cljs$core$clj__GT_js:Gi
cljs$core$clone_and_set$cljs$0core$0IFn$0_invoke$0arity$03:nh
cljs$core$coll_QMARK_:Yd
cljs$core$comp:sf
cljs$core$compare:le
cljs$core$compare_indexed$cljs$0core$0IFn$0_invoke$0arity$02:me
cljs$core$compare_keywords:Ke
cljs$core$compare_symbols:Xc
cljs$core$complement:rf
cljs$core$concat:Ze
cljs$core$conj:Kd
cljs$core$conj_BANG_:$e
cljs$core$cons:Dd
cljs$core$contains_QMARK_:ke
cljs$core$count:K
cljs$core$counted_QMARK_:vd
cljs$core$create_array_node_seq:Ch
cljs$core$create_array_node_seq$cljs$0core$0IFn$0_invoke$0arity$01:Bh
cljs$core$create_array_node_seq$cljs$0core$0IFn$0_invoke$0arity$03:Ih
cljs$core$create_inode_seq:uh
cljs$core$create_inode_seq$cljs$0core$0IFn$0_invoke$0arity$01:th
cljs$core$create_inode_seq$cljs$0core$0IFn$0_invoke$0arity$03:Gh
cljs$core$create_node:yh
cljs$core$create_node$cljs$0core$0IFn$0_invoke$0arity$06:zh
cljs$core$create_node$cljs$0core$0IFn$0_invoke$0arity$07:xh
cljs$core$deref:pd
cljs$core$disj:Wd
cljs$core$dissoc:Qd
cljs$core$do_assoc:rg
cljs$core$doall$cljs$0core$0IFn$0_invoke$0arity$01:ii
cljs$core$dominates:Si
cljs$core$drop$cljs$0core$0IFn$0_invoke$0arity$02:Lf
cljs$core$drop_last$cljs$0core$0IFn$0_invoke$0arity$02:Mf
cljs$core$drop_while$cljs$0core$0IFn$0_invoke$0arity$02:Nf
cljs$core$edit_and_set$cljs$0core$0IFn$0_invoke$0arity$04:ph
cljs$core$empty:Nd
cljs$core$empty_QMARK_:Xd
cljs$core$empty_ordered_hash:jd
cljs$core$empty_unordered_hash:ld
cljs$core$equiv_map:Wg
cljs$core$equiv_sequential:Cd
cljs$core$es6_iterator:gd
cljs$core$es6_iterator_seq:cd
cljs$core$every_QMARK_:pf
cljs$core$ex_info$cljs$0core$0IFn$0_invoke$0arity$02:aj
cljs$core$filter:Vf
cljs$core$filterv:ag
cljs$core$find_and_cache_best_method:Ti
cljs$core$first:E
cljs$core$fix:ye
cljs$core$flatten:Yf
cljs$core$fn_QMARK_:Rd
cljs$core$fn__GT_comparator:ne
cljs$core$fnil$cljs$0core$0IFn$0_invoke$0arity$02:uf
cljs$core$gensym$cljs$0core$0IFn$0_invoke$0arity$01:Ci
cljs$core$gensym_counter:Bi
cljs$core$get:Yc
cljs$core$get$cljs$0core$0IFn$0_invoke$0arity$02:B
cljs$core$get$cljs$0core$0IFn$0_invoke$0arity$03:Zc
cljs$core$get_global_hierarchy:Ki
cljs$core$get_in$cljs$0core$0IFn$0_invoke$0arity$02:cg
cljs$core$group_by:Ii
cljs$core$hash:Vc
cljs$core$hash_collision_node_find_index:Dh
cljs$core$hash_combine:Wc
cljs$core$hash_ordered_coll:id
cljs$core$hash_string:Uc
cljs$core$hash_unordered_coll:kd
cljs$core$identity:ve
cljs$core$ifn_QMARK_:ie
cljs$core$imul:Nc
cljs$core$inc:md
cljs$core$indexed_QMARK_:wd
cljs$core$inode_kv_reduce:qh
cljs$core$integer_QMARK_:je
cljs$core$interleave:Tf
cljs$core$into:Zf
cljs$core$into_array$cljs$0core$0IFn$0_invoke$0arity$02:kb
cljs$core$isa_QMARK_$cljs$0core$0IFn$0_invoke$0arity$03:Oi
cljs$core$iter_reduce$cljs$0core$0IFn$0_invoke$0arity$02:re
cljs$core$iter_reduce$cljs$0core$0IFn$0_invoke$0arity$03:se
cljs$core$iterable_QMARK_:ad
cljs$core$juxt$cljs$0core$0IFn$0_invoke$0arity$02:hi
cljs$core$keep$cljs$0core$0IFn$0_invoke$0arity$01:Af
cljs$core$keep$cljs$0core$0IFn$0_invoke$0arity$02:Bf
cljs$core$key:Gg
cljs$core$key__GT_js$cljs$0core$0IFn$0_invoke$0arity$02:Fi
cljs$core$key_test:hh
cljs$core$keys:ch
cljs$core$keyword:Me
cljs$core$keyword_identical_QMARK_:P
cljs$core$last:Jd
cljs$core$lift_ns:yi
cljs$core$linear_traversal_nth$cljs$0core$0IFn$0_invoke$0arity$03:Od
cljs$core$list:Ie
cljs$core$list_QMARK_:Ee
cljs$core$lookup_sentinel:fe
cljs$core$m3_fmix:Qc
cljs$core$m3_hash_unencoded_chars:Rc
cljs$core$m3_mix_H1:Pc
cljs$core$m3_mix_K1:Oc
cljs$core$map:R
cljs$core$map_QMARK_:ae
cljs$core$map_entry_QMARK_:Fg
cljs$core$map_indexed$cljs$0core$0IFn$0_invoke$0arity$01:wf
cljs$core$map_indexed$cljs$0core$0IFn$0_invoke$0arity$02:yf
cljs$core$mapcat$cljs$0core$0IFn$0_invoke$0arity$0variadic:Uf
cljs$core$mapv$cljs$0core$0IFn$0_invoke$0arity$02:$f
cljs$core$max:xe
cljs$core$merge:Qh
cljs$core$merge_with$cljs$0core$0IFn$0_invoke$0arity$0variadic:Rh
cljs$core$meta:Vd
cljs$core$missing_protocol:v
cljs$core$mod:ze
cljs$core$name:Ne
cljs$core$namespace:Le
cljs$core$native_satisfies_QMARK_:fb
cljs$core$never_equiv:Vg
cljs$core$new_path:mg
cljs$core$next:G
cljs$core$next_STAR_:bf
cljs$core$nil_QMARK_:ab
cljs$core$nil_iter:lf
cljs$core$not:cb
cljs$core$not_EQ_$cljs$0core$0IFn$0_invoke$0arity$02:hf
cljs$core$not_empty:jf
cljs$core$nth:yd
cljs$core$nth$cljs$0core$0IFn$0_invoke$0arity$02:xd
cljs$core$nth$cljs$0core$0IFn$0_invoke$0arity$03:M
cljs$core$pam_grow_seed_array:jh
cljs$core$pam_new_size:ih
cljs$core$parents$cljs$0core$0IFn$0_invoke$0arity$01:Pi
cljs$core$partial:tf
cljs$core$partition$cljs$0core$0IFn$0_invoke$0arity$03:bg
cljs$core$pop_tail:sg
cljs$core$pos_QMARK_:Ce
cljs$core$pr_opts:Va
cljs$core$pr_sequential_writer:li
cljs$core$pr_str_STAR_:Mc
cljs$core$pr_str_with_opts:wi
cljs$core$pr_writer:si
cljs$core$pr_writer_impl:ri
cljs$core$prefers_STAR_:Ri
cljs$core$prim_seq$cljs$0core$0IFn$0_invoke$0arity$02:Ed
cljs$core$print_map:ti
cljs$core$print_meta_QMARK_:qi
cljs$core$print_prefix_map:zi
cljs$core$push_tail:ng
cljs$core$pv_clone_node:kg
cljs$core$pv_fresh_node:jg
cljs$core$pv_reduce$cljs$0core$0IFn$0_invoke$0arity$04:vg
cljs$core$pv_reduce$cljs$0core$0IFn$0_invoke$0arity$05:wg
cljs$core$quot:Ae
cljs$core$quote_string:pi
cljs$core$range$cljs$0core$0IFn$0_invoke$0arity$03:gi
cljs$core$ranged_iterator:ug
cljs$core$re_find:ki
cljs$core$re_matches:ji
cljs$core$record_QMARK_:be
cljs$core$reduce:mb
cljs$core$reduce$cljs$0core$0IFn$0_invoke$0arity$02:te
cljs$core$reduce$cljs$0core$0IFn$0_invoke$0arity$03:lb
cljs$core$reduce_kv:ue
cljs$core$reduced_QMARK_:od
cljs$core$remove:Wf
cljs$core$remove_pair:oh
cljs$core$repeat$cljs$0core$0IFn$0_invoke$0arity$01:Qf
cljs$core$repeatedly$cljs$0core$0IFn$0_invoke$0arity$01:Rf
cljs$core$repeatedly$cljs$0core$0IFn$0_invoke$0arity$02:Sf
cljs$core$reset_BANG_:Ef
cljs$core$reset_cache:Qi
cljs$core$rest:dd
cljs$core$reverse:He
cljs$core$second:Id
cljs$core$select_keys:Sh
cljs$core$seq:D
cljs$core$seq_QMARK_:ge
cljs$core$seq_reduce:Gd
cljs$core$seq_reduce$cljs$0core$0IFn$0_invoke$0arity$02:Fd
cljs$core$seq_reduce$cljs$0core$0IFn$0_invoke$0arity$03:Hd
cljs$core$sequential_QMARK_:$d
cljs$core$set:Yh
cljs$core$set_QMARK_:Zd
cljs$core$some:qf
cljs$core$some_fn$cljs$0core$0IFn$0_invoke$0arity$03:Hf
cljs$core$sort$cljs$0core$0IFn$0_invoke$0arity$02:oe
cljs$core$sort_by$cljs$0core$0IFn$0_invoke$0arity$03:qe
cljs$core$spread:Ye
cljs$core$str:x
cljs$core$string_QMARK_:db
cljs$core$string_hash_cache:Sc
cljs$core$string_hash_cache_count:Tc
cljs$core$strip_ns:xi
cljs$core$subs$cljs$0core$0IFn$0_invoke$0arity$02:De
cljs$core$subvec$cljs$0core$0IFn$0_invoke$0arity$03:Mg
cljs$core$swap_BANG_:Ff
cljs$core$symbol:$c
cljs$core$t_cljs$0core20461:kf
cljs$core$tail_off:lg
cljs$core$take:Kf
cljs$core$take_while$cljs$0core$0IFn$0_invoke$0arity$02:$h
cljs$core$throw_no_method_error:Ui
cljs$core$to_array:pe
cljs$core$transduce$cljs$0core$0IFn$0_invoke$0arity$04:we
cljs$core$tree_seq:Xf
cljs$core$truth_:u
cljs$core$tv_editable_root:zg
cljs$core$tv_editable_tail:Ag
cljs$core$tv_ensure_editable:Ng
cljs$core$tv_push_tail:Og
cljs$core$type:gb
cljs$core$type__GT_str:hb
cljs$core$unchecked_array_for:pg
cljs$core$update$cljs$0core$0IFn$0_invoke$0arity$03:fg
cljs$core$update$cljs$0core$0IFn$0_invoke$0arity$04:hg
cljs$core$update_in:eg
cljs$core$val:Hg
cljs$core$vals:dh
cljs$core$vec:Eg
cljs$core$vector:zf
cljs$core$vector_QMARK_:ce
cljs$core$vector_index_out_of_bounds:og
cljs$core$volatile_BANG_:xf
cljs$core$with_meta:Ud
cljs$core$write_all$cljs$0core$0IFn$0_invoke$0arity$0variadic:ni
cljs$cst$0$flush_on_newline:Wa
cljs$cst$1$readably:Xa
cljs$cst$1000$margin_top:Lp
cljs$cst$1001$article:xm
cljs$cst$1002$min_width:Vn
cljs$cst$1003$div_DOT_wrap:So
cljs$cst$1004$padding_top:Kp
cljs$cst$1005$baseline:ts
cljs$cst$1006$overflow:gr
cljs$cst$1007$nowrap:Lm
cljs$cst$1008$refactor:jo
cljs$cst$1009$div_DOT_app:Eu
cljs$cst$1010$main:mt
cljs$cst$105$more_marker:mi
cljs$cst$106$alt_impl:ui
cljs$cst$107$fallback_impl:vi
cljs$cst$108$val:Ai
cljs$cst$126$keyword_fn:Hi
cljs$cst$128$parents:Li
cljs$cst$129$descendants:Mi
cljs$cst$130$ancestors:Ni
cljs$cst$138$uuid:Cp
cljs$cst$139$type:tv
cljs$cst$14$s:jt
cljs$cst$142$data:Qj
cljs$cst$166$var:ip
cljs$cst$174$form:pr
cljs$cst$179$name:Sm
cljs$cst$182$class:ak
cljs$cst$183$style:U
cljs$cst$184$key:dp
cljs$cst$186$on_dispose:fu
cljs$cst$189$auto_run:Ej
cljs$cst$19$i:dt
cljs$cst$190$path:Vq
cljs$cst$193$on_set:qs
cljs$cst$194$no_cache:sj
cljs$cst$2$meta:Ya
cljs$cst$20$meta:In
cljs$cst$202$shouldComponentUpdate:fq
cljs$cst$203$componentWillUnmount:wm
cljs$cst$204$reagentRender:jk
cljs$cst$205$render:Ek
cljs$cst$206$displayName:En
cljs$cst$207$cljsLegacyRender:Gr
cljs$cst$208$childContextTypes:jq
cljs$cst$209$contextTypes:tn
cljs$cst$210$contextType:Yl
cljs$cst$211$getDerivedStateFromProps:Rp
cljs$cst$212$getDerivedStateFromError:tu
cljs$cst$213$getInitialState:tt
cljs$cst$214$constructor:qj
cljs$cst$215$reagent_render:en
cljs$cst$216$on_write:Ls
cljs$cst$217$display_name:zo
cljs$cst$218$component_did_update:$m
cljs$cst$219$component_will_unmount:oq
cljs$cst$222$id:es
cljs$cst$223$className:zm
cljs$cst$229$function_components:pl
cljs$cst$23$first:Ik
cljs$cst$230$parse_tag:Sp
cljs$cst$231$compiler:fo
cljs$cst$232$callback:Au
cljs$cst$233$displace:Wu
cljs$cst$234$replace:Qu
cljs$cst$235$top_displace:Wm
cljs$cst$236$prepend:Kq
cljs$cst$237$hierarchy:wt
cljs$cst$238$default:Wi
cljs$cst$239$reitit_DOT_exception_SLASH_cause:ou
cljs$cst$240$path_conflicts:nn
cljs$cst$241$conflicting:lk
cljs$cst$242$name_conflicts:nl
cljs$cst$243$reitit_DOT_impl_SLASH_merge_data:ru
cljs$cst$244$value:Nl
cljs$cst$245$params:Mq
cljs$cst$248$children:gg
cljs$cst$249$wilds:Aj
cljs$cst$250$catch_all:Ou
cljs$cst$254$syntax:gm
cljs$cst$255$colon:Kn
cljs$cst$256$bracket:Pt
cljs$cst$257$reitit_DOT_trie_SLASH_unclosed_brackets:Gm
cljs$cst$258$reitit_DOT_trie_SLASH_following_parameters:Gl
cljs$cst$259$parameters:Rn
cljs$cst$273$reitit_DOT_trie_SLASH_parameters:ql
cljs$cst$274$reitit_DOT_trie_SLASH_multiple_terminators:Ul
cljs$cst$275$terminators:em
cljs$cst$276$reitit_DOT_impl_SLASH_accumulator:Mu
cljs$cst$277$path_params:um
cljs$cst$278$path_parts:vo
cljs$cst$279$routes:xn
cljs$cst$280$expand:rn
cljs$cst$281$meta_merge:Fj
cljs$cst$282$update_paths:yk
cljs$cst$283$left:gj
cljs$cst$284$right:vj
cljs$cst$285$exception:bv
cljs$cst$286$coerce:Jj
cljs$cst$287$compile:Ju
cljs$cst$288$required:Wp
cljs$cst$289$in:hs
cljs$cst$290$keywordize_QMARK_:lp
cljs$cst$291$open_QMARK_:Yu
cljs$cst$293$style:cn
cljs$cst$296$query:$k
cljs$cst$297$query_params:Rs
cljs$cst$298$string:xp
cljs$cst$299$body:Km
cljs$cst$3$dup:Za
cljs$cst$300$body_params:tk
cljs$cst$301$form:yr
cljs$cst$302$form_params:bn
cljs$cst$303$header:Am
cljs$cst$304$headers:oo
cljs$cst$305$fragment:xr
cljs$cst$307$coercion:Pp
cljs$cst$311$format:Ft
cljs$cst$312$muuntaja_SLASH_request:ct
cljs$cst$313$reitit_DOT_coercion_SLASH_extract_request_format:cu
cljs$cst$314$reitit_DOT_coercion_SLASH_parameter_coercion:Dn
cljs$cst$315$reitit_DOT_coercion_SLASH_serialize_failed_result:Jm
cljs$cst$316$reitit_DOT_coercion_SLASH_skip:kq
cljs$cst$322$result:no
cljs$cst$323$handler:Xq
cljs$cst$324$template:Bv
cljs$cst$328$required:Ho
cljs$cst$340$reitit_DOT_trie_SLASH_trie_compiler:Uj
cljs$cst$341$reitit_DOT_core_SLASH_router:dn
cljs$cst$349$p:ft
cljs$cst$371$reitit_DOT_core_SLASH_path_conflicting:Il
cljs$cst$372$lookup:sn
cljs$cst$373$conflicts:mj
cljs$cst$374$router:An
cljs$cst$375$validate:Mt
cljs$cst$376$on_coercion_error:Uo
cljs$cst$377$missing:ml
cljs$cst$378$on_navigate:sv
cljs$cst$379$popstate_listener:Om
cljs$cst$380$hashchange_listener:Cv
cljs$cst$381$last_fragment:Pm
cljs$cst$387$listen_key:Xt
cljs$cst$388$click_listen_key:vt
cljs$cst$389$ignore_anchor_click_QMARK_:Ru
cljs$cst$392$use_fragment:Es
cljs$cst$393$home:sr
cljs$cst$394$docs_SLASH_index:Lj
cljs$cst$395$docs_SLASH_page:ot
cljs$cst$396$labs_SLASH_index:cp
cljs$cst$397$labs_SLASH_page:fm
cljs$cst$398$changelog:Jp
cljs$cst$4$print_length:$a
cljs$cst$404$identifier:Jo
cljs$cst$406$media:ep
cljs$cst$407$feature:Um
cljs$cst$408$keyframes:uk
cljs$cst$409$import:Ev
cljs$cst$410$red:Bl
cljs$cst$411$green:un
cljs$cst$412$blue:sk
cljs$cst$424$aquamarine:Cr
cljs$cst$425$lime:tj
cljs$cst$426$deepskyblue:vr
cljs$cst$427$darksalmon:Bu
cljs$cst$428$antiquewhite:Ut
cljs$cst$429$mediumturquoise:xl
cljs$cst$430$slategrey:Xo
cljs$cst$431$slategray:Ip
cljs$cst$432$sienna:yp
cljs$cst$433$orange:Nn
cljs$cst$434$navajowhite:Nj
cljs$cst$435$lavenderblush:Ao
cljs$cst$436$firebrick:$l
cljs$cst$437$orangered:Op
cljs$cst$438$palevioletred:fj
cljs$cst$439$lawngreen:xo
cljs$cst$440$seashell:cl
cljs$cst$441$lightpink:vp
cljs$cst$442$darkolivegreen:oj
cljs$cst$443$aliceblue:qv
cljs$cst$444$gray:gn
cljs$cst$445$lightsteelblue:Cj
cljs$cst$446$whitesmoke:au
cljs$cst$447$darkgoldenrod:at
cljs$cst$448$tan:Xm
cljs$cst$449$bisque:Oj
cljs$cst$450$white:zs
cljs$cst$451$lightgreen:kj
cljs$cst$452$darkseagreen:Zu
cljs$cst$453$crimson:Et
cljs$cst$454$darkslategray:sp
cljs$cst$455$mistyrose:jr
cljs$cst$456$chocolate:Jr
cljs$cst$457$yellow:eo
cljs$cst$458$cadetblue:gv
cljs$cst$459$navy:Up
cljs$cst$460$ghostwhite:sl
cljs$cst$461$dimgrey:wn
cljs$cst$462$seagreen:xk
cljs$cst$463$mediumseagreen:ds
cljs$cst$464$indigo:Cq
cljs$cst$465$olivedrab:Lq
cljs$cst$466$cyan:jp
cljs$cst$467$peachpuff:dr
cljs$cst$468$limegreen:rp
cljs$cst$469$mediumslateblue:Er
cljs$cst$47$validator:vu
cljs$cst$470$violet:up
cljs$cst$471$sandybrown:Pn
cljs$cst$472$yellowgreen:Rm
cljs$cst$473$mediumspringgreen:Xn
cljs$cst$474$steelblue:hj
cljs$cst$475$rosybrown:El
cljs$cst$476$cornflowerblue:zu
cljs$cst$477$ivory:Br
cljs$cst$478$lightgoldenrodyellow:Js
cljs$cst$479$salmon:pq
cljs$cst$480$darkcyan:Rl
cljs$cst$481$peru:ao
cljs$cst$482$cornsilk:mu
cljs$cst$483$lightslategray:wp
cljs$cst$484$blueviolet:gs
cljs$cst$485$forestgreen:np
cljs$cst$486$lightseagreen:Av
cljs$cst$487$gold:rk
cljs$cst$488$gainsboro:Rk
cljs$cst$489$darkorchid:qp
cljs$cst$490$burlywood:hm
cljs$cst$491$lightskyblue:tm
cljs$cst$492$chartreuse:To
cljs$cst$493$snow:Jl
cljs$cst$494$moccasin:Tq
cljs$cst$495$honeydew:Xl
cljs$cst$496$aqua:Pu
cljs$cst$497$darkred:lv
cljs$cst$498$mediumorchid:Fn
cljs$cst$499$lightsalmon:Aq
cljs$cst$500$saddlebrown:xu
cljs$cst$501$wheat:Gu
cljs$cst$502$springgreen:qu
cljs$cst$503$lightslategrey:sq
cljs$cst$504$darkblue:It
cljs$cst$505$powderblue:wr
cljs$cst$506$turquoise:Vt
cljs$cst$507$blanchedalmond:Oo
cljs$cst$508$papayawhip:$u
cljs$cst$509$slateblue:Zs
cljs$cst$510$lightblue:br
cljs$cst$511$skyblue:Sl
cljs$cst$512$lightyellow:dj
cljs$cst$513$palegreen:Jn
cljs$cst$514$greenyellow:Zp
cljs$cst$515$khaki:Lt
cljs$cst$516$maroon:Jq
cljs$cst$517$darkgrey:Rj
cljs$cst$518$midnightblue:Ck
cljs$cst$519$floralwhite:ev
cljs$cst$520$deeppink:iv
cljs$cst$521$paleturquoise:mv
cljs$cst$522$darkkhaki:Fq
cljs$cst$523$azure:Ql
cljs$cst$524$indianred:ho
cljs$cst$525$darkviolet:dk
cljs$cst$526$mediumpurple:ap
cljs$cst$527$fuchsia:Tn
cljs$cst$528$coral:vv
cljs$cst$529$mediumvioletred:op
cljs$cst$530$lemonchiffon:bl
cljs$cst$531$mediumblue:Gq
cljs$cst$532$darkmagenta:Ym
cljs$cst$533$goldenrod:gu
cljs$cst$534$darkorange:Kr
cljs$cst$535$orchid:mq
cljs$cst$536$plum:Bt
cljs$cst$537$pink:Ll
cljs$cst$538$teal:pn
cljs$cst$539$magenta:iq
cljs$cst$540$lightgrey:Tm
cljs$cst$541$purple:Vu
cljs$cst$542$dodgerblue:Qn
cljs$cst$543$darkturquoise:Wr
cljs$cst$544$mintcream:Gj
cljs$cst$545$hotpink:ur
cljs$cst$546$thistle:er
cljs$cst$547$royalblue:wj
cljs$cst$548$darkgreen:rl
cljs$cst$549$darkslateblue:ns
cljs$cst$550$silver:kv
cljs$cst$551$darkgray:Jk
cljs$cst$552$oldlace:Ir
cljs$cst$553$mediumaquamarine:Ol
cljs$cst$554$brown:Dk
cljs$cst$555$lightgray:Sn
cljs$cst$556$olive:nj
cljs$cst$557$lightcoral:Xu
cljs$cst$558$tomato:Tt
cljs$cst$559$lightcyan:Cm
cljs$cst$56$base:$n
cljs$cst$560$linen:an
cljs$cst$561$darkslategrey:Co
cljs$cst$562$lavender:Qk
cljs$cst$563$dimgray:Ar
cljs$cst$564$palegoldenrod:Mm
cljs$cst$565$beige:Do
cljs$cst$566$black:bo
cljs$cst$569$chunk:bm
cljs$cst$570$size:jj
cljs$cst$571$r_brace:Hr
cljs$cst$572$l_brace:fl
cljs$cst$573$r_paren:Tr
cljs$cst$574$l_paren:zn
cljs$cst$575$comma:zt
cljs$cst$576$semicolon:il
cljs$cst$577$and:xj
cljs$cst$578$space_PLUS_:cq
cljs$cst$579$white_space_PLUS_:io
cljs$cst$580$any:Hj
cljs$cst$581$selector:jn
cljs$cst$583$a:$s
cljs$cst$584$abbr:Dq
cljs$cst$585$address:$o
cljs$cst$586$area:kl
cljs$cst$587$article:Hl
cljs$cst$588$aside:Ms
cljs$cst$589$audio:ov
cljs$cst$590$b:Xs
cljs$cst$591$bdi:Ap
cljs$cst$592$bdo:Fp
cljs$cst$593$blockquote:pp
cljs$cst$594$body:bt
cljs$cst$595$br:go
cljs$cst$596$button:ws
cljs$cst$597$canvas:cv
cljs$cst$598$caption:qt
cljs$cst$599$cite:Cl
cljs$cst$600$code:On
cljs$cst$601$col:al
cljs$cst$602$colgroup:mk
cljs$cst$603$command:bk
cljs$cst$604$datalist:nr
cljs$cst$605$dd:so
cljs$cst$606$del:Pq
cljs$cst$607$details:Wo
cljs$cst$608$dfn:Yq
cljs$cst$609$div:Vp
cljs$cst$61$root:Mk
cljs$cst$610$dl:wo
cljs$cst$611$dt:Bo
cljs$cst$612$em:Eo
cljs$cst$613$embed:yq
cljs$cst$614$fieldset:Nr
cljs$cst$615$figcaption:Tu
cljs$cst$616$figure:qq
cljs$cst$617$footer:rs
cljs$cst$618$h1:Po
cljs$cst$619$h2:Qo
cljs$cst$620$h3:Ko
cljs$cst$621$h4:Lo
cljs$cst$622$h5:Mo
cljs$cst$623$h6:No
cljs$cst$624$head:km
cljs$cst$625$header:ej
cljs$cst$626$hgroup:hq
cljs$cst$627$hr:kp
cljs$cst$628$html:rj
cljs$cst$629$iframe:gt
cljs$cst$630$img:Yj
cljs$cst$631$input:Qp
cljs$cst$632$ins:pk
cljs$cst$633$kbd:on
cljs$cst$634$keygen:Fk
cljs$cst$635$label:qo
cljs$cst$636$legend:fs
cljs$cst$637$li:Bj
cljs$cst$638$link:Hk
cljs$cst$639$map:kr
cljs$cst$640$mark:Yn
cljs$cst$641$math:fp
cljs$cst$642$menu:Ur
cljs$cst$643$meter:pj
cljs$cst$644$nav:dm
cljs$cst$645$noscript:im
cljs$cst$646$object:rr
cljs$cst$647$ol:qk
cljs$cst$648$optgroup:Ok
cljs$cst$649$option:jv
cljs$cst$650$output:hu
cljs$cst$651$param:Lr
cljs$cst$652$pre:ut
cljs$cst$653$progress:bs
cljs$cst$654$q:it
cljs$cst$655$rp:Sk
cljs$cst$656$rt:Xk
cljs$cst$657$ruby:lm
cljs$cst$658$samp:tl
cljs$cst$659$script:Bq
cljs$cst$660$section:iu
cljs$cst$661$select:Lk
cljs$cst$662$small:Vk
cljs$cst$663$source:Ys
cljs$cst$664$span:Io
cljs$cst$665$strong:Sj
cljs$cst$666$sub:mm
cljs$cst$667$summary:hl
cljs$cst$668$sup:pm
cljs$cst$669$svg:rm
cljs$cst$670$table:Ak
cljs$cst$671$tbody:tp
cljs$cst$672$td:gl
cljs$cst$673$textarea:Wj
cljs$cst$674$tfoot:rv
cljs$cst$675$th:dl
cljs$cst$676$thead:Vj
cljs$cst$677$time:wu
cljs$cst$678$title:Ct
cljs$cst$679$tr:jl
cljs$cst$680$track:Mr
cljs$cst$681$u:lt
cljs$cst$682$ul:vl
cljs$cst$683$video:Wl
cljs$cst$684$wbr:pv
cljs$cst$685$active:Dl
cljs$cst$686$checked:gq
cljs$cst$687$default:Uq
cljs$cst$688$disabled:ll
cljs$cst$689$empty:vs
cljs$cst$690$enabled:xv
cljs$cst$691$first_child:zl
cljs$cst$692$first_of_type:vk
cljs$cst$693$fullscreen:ek
cljs$cst$694$focus:Dt
cljs$cst$695$hover:ym
cljs$cst$696$indeterminate:Ku
cljs$cst$697$in_range:Go
cljs$cst$698$invalid:nm
cljs$cst$699$last_child:Eq
cljs$cst$700$last_of_type:uq
cljs$cst$701$links:dq
cljs$cst$702$only_child:Yp
cljs$cst$703$only_of_type:Zr
cljs$cst$704$optional:Xr
cljs$cst$705$out_of_range:bj
cljs$cst$706$read_only:yt
cljs$cst$707$read_write:Zk
cljs$cst$708$scope:Em
cljs$cst$709$target:Wt
cljs$cst$710$valid:Gp
cljs$cst$711$visited:Ij
cljs$cst$712$rettag:om
cljs$cst$713$a:nt
cljs$cst$733$nil:cj
cljs$cst$734$strable:nk
cljs$cst$735$vector:Zn
cljs$cst$736$list:wl
cljs$cst$737$map:Nq
cljs$cst$738$set:is
cljs$cst$749$column:ar
cljs$cst$759$none:uv
cljs$cst$78$tag:Vm
cljs$cst$784$inst:hn
cljs$cst$785$queue:ls
cljs$cst$786$js:lj
cljs$cst$787$mm:zr
cljs$cst$788$pt:tr
cljs$cst$789$px:qr
cljs$cst$790$pc:lr
cljs$cst$791$cm:vq
cljs$cst$792$deg:Vs
cljs$cst$793$turn:fk
cljs$cst$794$rad:jm
cljs$cst$795$grad:vn
cljs$cst$796$s:Qs
cljs$cst$797$ms:Dr
cljs$cst$798$kHz:Iu
cljs$cst$799$Hz:cm
cljs$cst$800$dppx:Tj
cljs$cst$801$dpcm:Ds
cljs$cst$802$dpi:Oq
cljs$cst$803$rem:Kl
cljs$cst$804$em:Np
cljs$cst$805$x:Ps
cljs$cst$806$_PERCENT_:Kt
cljs$cst$807$ex:Xp
cljs$cst$808$ch:tq
cljs$cst$809$vw:st
cljs$cst$810$vh:pt
cljs$cst$811$vmin:Mn
cljs$cst$812$vmax:am
cljs$cst$813$pretty_print_QMARK_:Fs
cljs$cst$814$preamble:Vr
cljs$cst$815$output_to:Fo
cljs$cst$816$vendors:xq
cljs$cst$817$auto_prefix:bu
cljs$cst$818$media_expressions:Xj
cljs$cst$819$nesting_behavior:Sr
cljs$cst$820$merge:Su
cljs$cst$821$frames:Un
cljs$cst$822$media_queries:yn
cljs$cst$823$rules:yl
cljs$cst$824$feature_queries:Hq
cljs$cst$825$prefix:zp
cljs$cst$826$url:wq
cljs$cst$827$pretty_print:el
cljs$cst$828$fg:$p
cljs$cst$829$danger:or
cljs$cst$830$accent_2:Tl
cljs$cst$831$bg_alt:ys
cljs$cst$832$fg_dim:Vo
cljs$cst$833$bg_card:Im
cljs$cst$834$border:Qm
cljs$cst$835$bg:Zq
cljs$cst$836$accent:Zj
cljs$cst$837$glow:Pr
cljs$cst$838$mono:co
cljs$cst$839$base:Hu
cljs$cst$840$sm:Gt
cljs$cst$841$xs:Ss
cljs$cst$842$xxs:kk
cljs$cst$843$h1:eq
cljs$cst$844$h2:nq
cljs$cst$845$h3:lq
cljs$cst$849$_STAR_:Ht
cljs$cst$850$_STAR__COLON__COLON_before:Al
cljs$cst$851$_STAR__COLON__COLON_after:Rq
cljs$cst$852$margin:pu
cljs$cst$853$padding:Uu
cljs$cst$854$box_sizing:yu
cljs$cst$855$border_box:ok
cljs$cst$856$html:Mj
cljs$cst$857$scroll_behavior:du
cljs$cst$858$smooth:Cn
cljs$cst$859$font_family:Lu
cljs$cst$860$background:Nk
cljs$cst$861$color:Gn
cljs$cst$862$line_height:Zt
cljs$cst$863$overflow_x:Dp
cljs$cst$864$hidden:yv
cljs$cst$865$_webkit_font_smoothing:Nu
cljs$cst$866$antialiased:Yr
cljs$cst$867$font_size:Fu
cljs$cst$868$text_decoration:zj
cljs$cst$869$a_COLON_hover:xt
cljs$cst$870$underline:St
cljs$cst$871$pre_DOT_code:ko
cljs$cst$872$white_space:Yk
cljs$cst$873$border_radius:Wk
cljs$cst$874$margin_bottom:Dv
cljs$cst$875$pre:dv
cljs$cst$876$auto:rt
cljs$cst$877$solid:Iq
cljs$cst$878$code:Ts
cljs$cst$879$inherit:At
cljs$cst$880$glitch_1:Mp
cljs$cst$881$0_PERCENT_:mr
cljs$cst$882$clip_path:uj
cljs$cst$883$transform:Gs
cljs$cst$884$20_PERCENT_:gk
cljs$cst$885$40_PERCENT_:Uk
cljs$cst$886$60_PERCENT_:Ml
cljs$cst$887$80_PERCENT_:qm
cljs$cst$888$100_PERCENT_:ik
cljs$cst$889$glitch_2:Tp
cljs$cst$890$_DOT_site_nav:Du
cljs$cst$891$top:zk
cljs$cst$892$_webkit_backdrop_filter:Is
cljs$cst$893$backdrop_filter:Yo
cljs$cst$894$z_index:Qt
cljs$cst$895$position:zv
cljs$cst$896$border_bottom:Pk
cljs$cst$897$fixed:Dm
cljs$cst$898$_DOT_wrap:cs
cljs$cst$899$max_width:fv
cljs$cst$900$relative:mp
cljs$cst$901$_DOT_wrap_wide:Hs
cljs$cst$902$section:Nt
cljs$cst$903$href:wv
cljs$cst$904$letter_spacing:Hm
cljs$cst$905$nav_DOT_site_nav:Nm
cljs$cst$906$div:Or
cljs$cst$907$height:po
cljs$cst$908$display:eu
cljs$cst$909$flex:ij
cljs$cst$910$align_items:to
cljs$cst$911$center:Qr
cljs$cst$912$justify_content:Wq
cljs$cst$913$space_between:Cs
cljs$cst$914$font_weight:gp
cljs$cst$915$gap:mo
cljs$cst$916$cols:uu
cljs$cst$917$rows:Bm
cljs$cst$918$offsets:yj
cljs$cst$919$speeds:Fr
cljs$cst$92$left:Bk
cljs$cst$920$grid:bp
cljs$cst$921$component_did_mount:Jt
cljs$cst$922$canvas:$t
cljs$cst$923$ref:Fl
cljs$cst$924$width:aq
cljs$cst$925$pointer_events:Kk
cljs$cst$926$opacity:wk
cljs$cst$927$span:nv
cljs$cst$928$min_height:Vl
cljs$cst$929$grid_template_columns:hk
cljs$cst$93$right:Ns
cljs$cst$930$p:Us
cljs$cst$931$br:$q
cljs$cst$932$inline_block:hr
cljs$cst$933$order:Ro
cljs$cst$934$heading:ks
cljs$cst$935$level:us
cljs$cst$936$sections:Yt
cljs$cst$937$slug:uo
cljs$cst$938$title:Gk
cljs$cst$939$description:Ep
cljs$cst$940$lang:sm
cljs$cst$941$date:Pj
cljs$cst$942$duration:ir
cljs$cst$943$steps:Cu
cljs$cst$944$entries:Pl
cljs$cst$945$feat:js
cljs$cst$946$summary:rq
cljs$cst$947$docs:Bn
cljs$cst$948$fix:xs
cljs$cst$949$nav:Tk
cljs$cst$950$sticky:As
cljs$cst$951$max_height:bq
cljs$cst$952$overflow_y:Bp
cljs$cst$953$flex_direction:lo
cljs$cst$954$border_left:Dj
cljs$cst$955$text_transform:hv
cljs$cst$956$uppercase:su
cljs$cst$957$padding_left:ps
cljs$cst$958$dangerouslySetInnerHTML:Qq
cljs$cst$959$__html:os
cljs$cst$960$w:Ks
cljs$cst$961$y:Os
cljs$cst$962$h:ht
cljs$cst$963$lr:as
cljs$cst$964$direction:Fm
cljs$cst$965$nodes:nu
cljs$cst$966$edges:Zl
cljs$cst$967$from:Kj
cljs$cst$968$to:Ot
cljs$cst$969$label:Zm
cljs$cst$970$fill:Rr
cljs$cst$971$stroke:Zo
cljs$cst$972$g:et
cljs$cst$973$rect:vm
cljs$cst$974$rx:lu
cljs$cst$975$stroke_width:ro
cljs$cst$976$ry:ku
cljs$cst$977$text:ms
cljs$cst$978$text_anchor:qn
cljs$cst$979$polyline:ul
cljs$cst$98$cljs_DOT_core_SLASH_not_found:Th
cljs$cst$980$points:fn
cljs$cst$981$marker_end:ol
cljs$cst$982$defs:cr
cljs$cst$983$marker:zq
cljs$cst$984$markerWidth:Rt
cljs$cst$985$markerHeight:Hp
cljs$cst$986$refX:Ln
cljs$cst$987$refY:Hn
cljs$cst$988$orient:Sq
cljs$cst$989$polygon:ss
cljs$cst$990$node:Bs
cljs$cst$991$edge:kt
cljs$cst$992$svg:hp
cljs$cst$993$viewBox:Wn
cljs$cst$994$xmlns:ju
cljs$cst$995$block:av
cljs$cst$996$strong:yo
cljs$cst$997$ul:Ws
cljs$cst$998$ol:fr
cljs$cst$999$li:$r
cljs$reader$check:tB
cljs$reader$days_in_month:qB
cljs$reader$parse_and_validate_timestamp:uB
cljs$reader$parse_int:sB
cljs$reader$timestamp_regex:rB
cljs$tools$reader$impl$inspect$inspect_STAR_:kB
cljs$tools$reader$impl$inspect$inspect_STAR__col:jB
clojure$set$difference:sw
clojure$string$index_of$cljs$0core$0IFn$0_invoke$0arity$02:Qv
clojure$string$index_of$cljs$0core$0IFn$0_invoke$0arity$03:Rv
clojure$string$join$cljs$0core$0IFn$0_invoke$0arity$02:Ov
clojure$string$replace:Nv
clojure$string$replace_all:Lv
clojure$string$replace_with:Mv
clojure$string$split$cljs$0core$0IFn$0_invoke$0arity$03:Pv
clojure$walk$keywordize_keys:Uv
clojure$walk$postwalk:Tv
clojure$walk$walk:Sv
compiled_routes$jscomp$inline_1988:GA
conflicts$jscomp$inline_1984:EA
cur$jscomp$inline_1907:jD
e$jscomp$inline_1995:NA
fexpr__24678$jscomp$inline_1997:OA
fn_to_element$jscomp$inline_1004:Dx
garden$compiler$_STAR_flags_STAR_:xB
garden$compiler$_STAR_media_query_context_STAR_:AB
garden$compiler$_STAR_selector_context_STAR_:zB
garden$compiler$add_blocks:UB
garden$compiler$comma_separated_list$cljs$0core$0IFn$0_invoke$0arity$02:QB
garden$compiler$compile_css:jC
garden$compiler$expand:CB
garden$compiler$expand_at_rule:IB
garden$compiler$expand_declaration_1:EB
garden$compiler$expand_media_query_expression:OB
garden$compiler$expand_rule:HB
garden$compiler$expand_selector_reference:GB
garden$compiler$expand_seqs:DB
garden$compiler$indent_loc_re:RB
garden$compiler$media_expression_behavior:yB
garden$compiler$parent_selector_re:FB
garden$compiler$prefix_all_properties:WB
garden$compiler$prefix_auto_properties:XB
garden$compiler$prefix_declaration:YB
garden$compiler$prefixed_blocks:VB
garden$compiler$render_at_rule:dC
garden$compiler$render_css:PB
garden$compiler$render_feature_expr:cC
garden$compiler$render_feature_expr_part:bC
garden$compiler$render_media_expr:aC
garden$compiler$render_media_expr_part:$B
garden$compiler$render_property_and_value:TB
garden$compiler$render_rule:ZB
garden$compiler$render_value:SB
garden$compiler$top_level_expression_QMARK_:BB
garden$compression$compress_stylesheet:dB
garden$compression$stylesheet_tokenizer:cB
garden$compression$token_fn:bB
garden$selectors$CSSSelector:fB
garden$selectors$ICSSSelector:eB
garden$selectors$css_selector:V
garden$selectors$nth_child_re:hB
garden$selectors$nth_x:iB
garden$selectors$selector:gB
garden$selectors$selector_QMARK_:Of
garden$stylesheet$at_keyframes$cljs$0core$0IFn$0_invoke$0arity$0variadic:kC
garden$types$CSSAtRule:QA
garden$units$make_unit_divider:wB
garden$units$make_unit_multiplier:vB
garden$util$as_str$cljs$0core$0IFn$0_invoke$0arity$0variadic:TA
garden$util$at_media_QMARK_:WA
garden$util$at_rule_QMARK_:VA
garden$util$at_supports_QMARK_:XA
garden$util$cartesian_product$cljs$0core$0IFn$0_invoke$0arity$0variadic:aB
garden$util$clip:$A
garden$util$hash_map_QMARK_:UA
garden$util$prefix:YA
garden$util$to_str:SA
garden$util$vendor_prefix:ZA
gl1tch$site$components$code$code_block:PC
gl1tch$site$components$code$inline_code:QC
gl1tch$site$components$hex_rain$hex_byte:uC
gl1tch$site$components$hex_rain$hex_rain:wC
gl1tch$site$components$hex_rain$setup:vC
gl1tch$site$components$nav$nav:tC
gl1tch$site$components$nav$nav_link:sC
gl1tch$site$components$sidebar$sidebar:HC
gl1tch$site$components$toc$heading__GT_id:IC
gl1tch$site$components$toc$toc:JC
gl1tch$site$content$changelog_entries:GC
gl1tch$site$content$changelogs:EC
gl1tch$site$content$docs:CC
gl1tch$site$content$extract_toc:AC
gl1tch$site$content$find_by_slug:BC
gl1tch$site$content$labs:DC
gl1tch$site$content$labs_index:FC
gl1tch$site$core$current_page:gD
gl1tch$site$core$init:hD
gl1tch$site$diagrams$core$assign_layers:RC
gl1tch$site$diagrams$core$compute:TC
gl1tch$site$diagrams$core$node_center:SC
gl1tch$site$diagrams$flowchart$parse_inline:XC
gl1tch$site$diagrams$flowchart$render:YC
gl1tch$site$diagrams$svg$arrow:VC
gl1tch$site$diagrams$svg$arrowhead_marker:WC
gl1tch$site$diagrams$svg$box:UC
gl1tch$site$pages$changelog$page:fD
gl1tch$site$pages$changelog$type_colors:eD
gl1tch$site$pages$docs$index:bD
gl1tch$site$pages$docs$page:aD
gl1tch$site$pages$docs$render_hiccup:ZC
gl1tch$site$pages$docs$render_section:$C
gl1tch$site$pages$home$code_span:xC
gl1tch$site$pages$home$hero:yC
gl1tch$site$pages$home$page:zC
gl1tch$site$pages$labs$index:dD
gl1tch$site$pages$labs$page:cD
gl1tch$site$router$router:yA
gl1tch$site$router$start_BANG_:PA
gl1tch$site$state$current_match:AA
gl1tch$site$styles$global$base:nC
gl1tch$site$styles$global$code_block:oC
gl1tch$site$styles$global$glitch_animation:pC
gl1tch$site$styles$global$layout:rC
gl1tch$site$styles$global$nav_styles:qC
gl1tch$site$styles$global$reset:mC
gl1tch$site$styles$theme$colors:Y
gl1tch$site$styles$theme$fonts:lC
gl1tch$site$styles$theme$sizes:Z
goog$UID_PROPERTY_:ea
goog$Uri:Ba
goog$Uri$QueryData:Ha
goog$Uri$decodeOrEmpty_:Ga
goog$Uri$encodeChar_:Pa
goog$Uri$encodeSpecialChars_:Ia
goog$Uri$parse:Oa
goog$Uri$reDisallowedInAbsolutePath_:Ka
goog$Uri$reDisallowedInFragment_:Ma
goog$Uri$reDisallowedInQuery_:Na
goog$Uri$reDisallowedInRelativePath_:La
goog$Uri$reDisallowedInSchemeOrUserInfo_:Ja
goog$events$BrowserEvent:Rz
goog$events$BrowserEvent$IE_POINTER_TYPE_MAP:Sz
goog$events$BrowserFeature$PASSIVE_EVENTS:Mz
goog$events$Event:Lz
goog$events$LISTENER_MAP_PROP_:Zz
goog$events$LISTENER_WRAPPER_PROP_:kA
goog$events$Listenable$IMPLEMENTED_BY_PROP:Tz
goog$events$ListenableKey$counter_:Uz
goog$events$Listener:Vz
goog$events$ListenerMap:Xz
goog$events$ListenerMap$findListenerIndex_:Yz
goog$events$getListenerMap_:fA
goog$events$getOnString_:hA
goog$events$getProxy:gA
goog$events$handleBrowserEvent_:iA
goog$events$listen:bA
goog$events$listenOnce:cA
goog$events$listen_:eA
goog$events$listenerCountEstimate_:aA
goog$events$onStringMap_:$z
goog$events$unlistenByKey:jA
goog$events$wrapListener:dA
goog$getUid:da
goog$global:aa
goog$inherits:ha
goog$isArrayLike:ba
goog$isObject:ca
goog$reflect$sinkValue:ja
goog$string$StringBuffer:Ta
goog$string$format:RA
goog$string$repeat:ua
goog$structs$forEach:xa
goog$structs$getKeys:wa
goog$structs$getValues:va
goog$typeOf:p
goog$uidCounter_:fa
goog$uri$utils$parseQueryData:Aa
goog$uri$utils$splitRe_:ya
goog$userAgent$GECKO:Oz
goog$userAgent$WEBKIT:Pz
hierarchy__5603__auto__$jscomp$inline_1806:pB
hierarchy__5603__auto__$jscomp$inline_1826:NB
hierarchy__5603__auto__$jscomp$inline_1838:iC
id$jscomp$inline_1003:Cx
map__24676$jscomp$inline_1981:CA
map__24676__$1$jscomp$inline_1982:My
meta_merge$core$displace_QMARK_:If
meta_merge$core$meta_STAR_:Ix
meta_merge$core$meta_merge:Mx
meta_merge$core$pick_prioritized:Lx
meta_merge$core$remove_top_displace:Kx
meta_merge$core$replace_QMARK_:Jf
meta_merge$core$with_meta_STAR_:Jx
method_cache__5601__auto__$jscomp$inline_1804:nB
method_cache__5601__auto__$jscomp$inline_1824:LB
method_cache__5601__auto__$jscomp$inline_1836:gC
method_table__5599__auto__$jscomp$inline_1802:lB
method_table__5599__auto__$jscomp$inline_1822:JB
method_table__5599__auto__$jscomp$inline_1834:eC
module$contents$goog$array_defaultCompare:sa
module$contents$goog$array_indexOf:qa
module$contents$goog$array_sort:ra
module$contents$goog$array_stableSort:ta
module$contents$goog$labs$userAgent$platform_isIphone:Nz
module$contents$goog$labs$userAgent$util_getNativeUserAgentString:oa
module$contents$goog$labs$userAgent$util_matchUserAgent:pa
module$contents$goog$object_PROTOTYPE_FIELDS:ma
module$contents$goog$object_extend:na
module$contents$goog$object_get:la
module$contents$goog$object_getKeys:ka
module$node_modules$highlight_DOT_js$lib$core:KC
module$node_modules$highlight_DOT_js$lib$languages$bash:LC
module$node_modules$highlight_DOT_js$lib$languages$clojure:MC
module$node_modules$highlight_DOT_js$lib$languages$json:NC
module$node_modules$highlight_DOT_js$lib$languages$yaml:OC
module$node_modules$react$index:Jv
module$node_modules$react_dom$index:Kv
name_conflicting$jscomp$inline_1987:FA
navigator$jscomp$inline_1181:Qz
opts$jscomp$inline_1002:Bx
opts$jscomp$inline_1980:BA
parse_fn$jscomp$inline_1005:Ex
part$jscomp$inline_1908:kD
parts$jscomp$inline_1906:iD
path_conflicting$jscomp$inline_1986:Py
prefer_table__5600__auto__$jscomp$inline_1803:mB
prefer_table__5600__auto__$jscomp$inline_1823:KB
prefer_table__5600__auto__$jscomp$inline_1835:fC
raw_routes$jscomp$inline_1979:Ly
reagent$dom$render$cljs$0core$0IFn$0_invoke$0arity$03:Hx
reagent$dom$render_comp:Gx
reagent$dom$roots:Fx
reagent$impl$batching$RenderQueue:lw
reagent$impl$batching$compare_mount_order:hw
reagent$impl$batching$enqueue:kw
reagent$impl$batching$fake_raf:fw
reagent$impl$batching$mount_count:ew
reagent$impl$batching$next_tick:gw
reagent$impl$batching$queue_render:nw
reagent$impl$batching$ratom_flush:iw
reagent$impl$batching$render_queue:mw
reagent$impl$batching$run_funs:jw
reagent$impl$component$_STAR_current_component_STAR_:Kw
reagent$impl$component$built_in_static_method_names:Vw
reagent$impl$component$cache_react_class:Xw
reagent$impl$component$camelify_map_keys:Rw
reagent$impl$component$cljsify:Uw
reagent$impl$component$create_class:Ww
reagent$impl$component$custom_wrapper:Ow
reagent$impl$component$dash_to_method_name:Qw
reagent$impl$component$functional_render:Zw
reagent$impl$component$functional_render_fn:ax
reagent$impl$component$functional_render_memo_fn:$w
reagent$impl$component$functional_wrap_render:Yw
reagent$impl$component$map_to_js:Tw
reagent$impl$component$obligatory:Pw
reagent$impl$component$props_argv:Lw
reagent$impl$component$rat_opts:Jw
reagent$impl$component$reagent_class_QMARK_:Mw
reagent$impl$component$wrap_funs:Sw
reagent$impl$component$wrap_render:Nw
reagent$impl$input$_STAR_force_set_dom_value_STAR_:cx
reagent$impl$input$input_component_set_value:ex
reagent$impl$input$input_handle_change:fx
reagent$impl$input$input_node_set_value:dx
reagent$impl$input$input_render_setup:gx
reagent$impl$input$input_spec:hx
reagent$impl$input$these_inputs_have_selection_api:bx
reagent$impl$protocols$as_element:qw
reagent$impl$protocols$get_id:ow
reagent$impl$protocols$make_element:rw
reagent$impl$protocols$parse_tag:pw
reagent$impl$template$HiccupTag:rx
reagent$impl$template$_STAR_current_default_compiler_STAR_:Ax
reagent$impl$template$cache_get:kx
reagent$impl$template$convert_custom_prop_value:px
reagent$impl$template$convert_prop_value:mx
reagent$impl$template$custom_kv_conv:ox
reagent$impl$template$custom_prop_name_cache:nx
reagent$impl$template$expand_seq:xx
reagent$impl$template$function_element:tx
reagent$impl$template$kv_conv:lx
reagent$impl$template$make_element:qx
reagent$impl$template$maybe_function_element:ux
reagent$impl$template$native_element:wx
reagent$impl$template$prop_name_cache:jx
reagent$impl$template$re_tag:ix
reagent$impl$template$reag_element:sx
reagent$impl$template$t_reagent$0impl$0template23819:zx
reagent$impl$template$tag_name_cache:vx
reagent$impl$template$vec_to_elem:yx
reagent$impl$util$_STAR_always_update_STAR_:bw
reagent$impl$util$capitalize:Xv
reagent$impl$util$class_names:aw
reagent$impl$util$dash_to_prop_name:Yv
reagent$impl$util$dont_camel_case:Wv
reagent$impl$util$fun_name:Zv
reagent$impl$util$get_react_key:cw
reagent$impl$util$is_client:Vv
reagent$impl$util$named_QMARK_:$v
reagent$impl$util$react_key_from_vec:dw
reagent$ratom$RAtom:Bw
reagent$ratom$Reaction:Ew
reagent$ratom$_STAR_ratom_context_STAR_:tw
reagent$ratom$add_w:ww
reagent$ratom$atom:Cw
reagent$ratom$deref_capture:uw
reagent$ratom$dispose_BANG_:Dw
reagent$ratom$flush_BANG_:Fw
reagent$ratom$handle_reaction_change:rc
reagent$ratom$make_reaction:Gw
reagent$ratom$notify_deref_watcher_BANG_:vw
reagent$ratom$notify_w:yw
reagent$ratom$pr_atom:zw
reagent$ratom$rea_queue:Aw
reagent$ratom$remove_w:xw
reagent$ratom$run_in_reaction:Iw
reagent$ratom$temp_reaction:Hw
reitit$coercion$ParameterCoercion:gz
reitit$coercion$__GT_ParameterCoercion:hz
reitit$coercion$_compile_model:dz
reitit$coercion$_compile_parameters:nz
reitit$coercion$_open_model:ez
reitit$coercion$_request_coercer:fz
reitit$coercion$coerce_BANG_:oz
reitit$coercion$coerce_request:lz
reitit$coercion$default_parameter_coercion:iz
reitit$coercion$extract_request_format_default:jz
reitit$coercion$request_coercer:kz
reitit$coercion$request_coercers$cljs$0core$0IFn$0_invoke$0arity$03:mz
reitit$core$Match:tz
reitit$core$PartialMatch:vz
reitit$core$Router$match_by_name$dyn_24773:sz
reitit$core$__GT_Match:uz
reitit$core$expand:pz
reitit$core$linear_router$cljs$0core$0IFn$0_invoke$0arity$02:xz
reitit$core$lookup_router:zz
reitit$core$match_by_name:rz
reitit$core$match_by_path:qz
reitit$core$mixed_router:Fz
reitit$core$quarantine_router:Hz
reitit$core$single_static_path_router:Dz
reitit$core$t_reitit$0core24383:wz
reitit$core$t_reitit$0core24450:yz
reitit$core$t_reitit$0core24479:Az
reitit$core$t_reitit$0core24500:Cz
reitit$core$t_reitit$0core24613:Ez
reitit$core$t_reitit$0core24639:Gz
reitit$core$trie_router:Bz
reitit$exception$exception:Px
reitit$exception$fail_BANG_$cljs$0core$0IFn$0_invoke$0arity$02:Nx
reitit$exception$format_exception:Ox
reitit$frontend$easy$history:wA
reitit$frontend$easy$href$cljs$0core$0IFn$0_invoke$0arity$01:zA
reitit$frontend$easy$start_BANG_:xA
reitit$frontend$history$FragmentHistory:qA
reitit$frontend$history$Html5History:sA
reitit$frontend$history$_get_path:oA
reitit$frontend$history$_href:pA
reitit$frontend$history$_init:lA
reitit$frontend$history$_on_navigate:nA
reitit$frontend$history$_stop:mA
reitit$frontend$history$href$cljs$0core$0IFn$0_invoke$0arity$05:vA
reitit$frontend$history$ignore_anchor_click_QMARK_:rA
reitit$frontend$history$start_BANG_$cljs$0core$0IFn$0_invoke$0arity$03:tA
reitit$frontend$history$stop_BANG_:uA
reitit$frontend$match_by_name_BANG_$cljs$0core$0IFn$0_invoke$0arity$03:Kz
reitit$frontend$match_by_path$cljs$0core$0IFn$0_invoke$0arity$03:Jz
reitit$frontend$query_params:Iz
reitit$impl$__GT_wild_route_QMARK_:Ey
reitit$impl$_copy_meta:Ay
reitit$impl$_match:yy
reitit$impl$_path_vals:zy
reitit$impl$accumulate:Cy
reitit$impl$compile_routes:Uy
reitit$impl$conflicting_paths:Qy
reitit$impl$fast_get:Xy
reitit$impl$find_names:Ty
reitit$impl$form_encode:Zy
reitit$impl$into_string:$y
reitit$impl$map_data:Hy
reitit$impl$maybe_map_values:Fy
reitit$impl$maybe_url_decode:Yy
reitit$impl$merge_data:Jy
reitit$impl$meta_merge:Iy
reitit$impl$name_conflicting_routes:Ry
reitit$impl$parse:Dy
reitit$impl$path_conflicting_routes:Ny
reitit$impl$path_for:Wy
reitit$impl$path_params:az
reitit$impl$path_update:By
reitit$impl$query_parameter:bz
reitit$impl$query_string:cz
reitit$impl$resolve_routes:Ky
reitit$impl$uncompile_routes:Vy
reitit$impl$unresolved_conflicts:Oy
reitit$impl$walk:Gy
reitit$trie$CatchAll:Sx
reitit$trie$Match:Tx
reitit$trie$Node:Ux
reitit$trie$Wild:Rx
reitit$trie$_insert:my
reitit$trie$_keyword:fy
reitit$trie$_node:ly
reitit$trie$_path_matcher:cy
reitit$trie$_slice_end:jy
reitit$trie$_slice_start:iy
reitit$trie$assoc_param:dy
reitit$trie$catch_all_matcher:ay
reitit$trie$common_prefix:ey
reitit$trie$compile$cljs$0core$0IFn$0_invoke$0arity$02:wy
reitit$trie$compile$cljs$0core$0IFn$0_invoke$0arity$03:xy
reitit$trie$conflicting_parts_QMARK_:ky
reitit$trie$data_matcher:Yx
reitit$trie$decode:ny
reitit$trie$depth:Wx
reitit$trie$insert$cljs$0core$0IFn$0_invoke$0arity$04:vy
reitit$trie$into_set:Qx
reitit$trie$join_path:hy
reitit$trie$length:Xx
reitit$trie$linear_matcher:by
reitit$trie$map_parameters:uy
reitit$trie$match:Vx
reitit$trie$split_path:gy
reitit$trie$static_matcher:Zx
reitit$trie$t_reitit$0trie22034:ty
reitit$trie$t_reitit$0trie22038:oy
reitit$trie$t_reitit$0trie22044:py
reitit$trie$t_reitit$0trie22054:qy
reitit$trie$t_reitit$0trie22078:ry
reitit$trie$t_reitit$0trie22086:sy
reitit$trie$wild_matcher:$x
router$jscomp$inline_1983:DA
router__$1$jscomp$inline_1991:JA
routes$jscomp$inline_1985:Sy
shadow$js$files:Fv
shadow$js$jsRequire:Iv
shadow$js$nativeProvides:Gv
shadow$js$requireStack:Hv
temp__5825__auto___25027$jscomp$inline_1992:KA
temp__5825__auto___25029$jscomp$inline_1993:LA
wilds_QMARK_$jscomp$inline_1989:HA
